// Jest Snapshot v1, https://goo.gl/fbAQLP

exports[`renders correctly 1`] = `
<SafeAreaView
  style={
    Object {
      "flex": 1,
    }
  }
>
  <FlatList
    ItemSeparatorComponent={[Function]}
    disableVirtualization={false}
    horizontal={false}
    initialNumToRender={10}
    keyExtractor={[Function]}
    maxToRenderPerBatch={10}
    numColumns={1}
    onEndReachedThreshold={2}
    removeClippedSubviews={true}
    renderItem={[Function]}
    scrollEventThrottle={50}
    style={
      Object {
        "flex": 1,
      }
    }
    updateCellsBatchingPeriod={50}
    windowSize={21}
  />
  <Button
    onPress={[Function]}
    title="Update to REFUNDED"
  />
</SafeAreaView>
`;
